hovers:
  (2,2):
    range: Range(common.Position[L:0,C:0],common.Position[L:6,C:5])
    contents:
      - Top level element describing a HTTP API
  (2,5):
    range: Range(common.Position[L:0,C:0],common.Position[L:6,C:5])
    contents:
      - Top level element describing a HTTP API
  (5,3):
    range: Range(common.Position[L:4,C:6],common.Position[L:4,C:6])
    contents:
      - EndPoint in the API holding a number of executable operations
  (6,4):
    range: Range(common.Position[L:0,C:0],common.Position[L:6,C:5])
    contents:
      - Top level element describing a HTTP API
  (7,1):
    range: Range(common.Position[L:0,C:0],common.Position[L:6,C:5])
    contents:
      - Top level element describing a HTTP API
