hovers:
  (2,2):
    range: Range(common.Position[L:1,C:0],common.Position[L:2,C:0])
    contents:
      - Contains general information about the defined API, such as title and version
  (3,3):
    range: Range(common.Position[L:2,C:0],common.Position[L:3,C:0])
    contents:
      - Contains reusable definitions
  (4,3):
    range: Range(common.Position[L:3,C:0],common.Position[L:3,C:6])
    contents:
      - Path to each declared endpoint. Relative to basePath
