hovers:
  (2,6):
    range: Range(common.Position[L:1,C:10],common.Position[L:1,C:10])
    contents:
      - Flow for an OAuth2 security scheme setting
  (3,5):
    range: Range(common.Position[L:2,C:0],common.Position[L:2,C:18])
    contents:
      - Template variables appearing in the baseURI can be further described in baseUriParameters
